---------------------------------------------------------------
Handler.cs
---------------------------------------------------------------
using Microsoft.Extensions.Logging;

namespace Handler;

internal class Handler(ILogger<Handler> log) : IHandleMessages<TestMessage>
{
    public async Task Handle(TestMessage message, IMessageHandlerContext context)
    {
        // Business logic here

        // Sending commands: https://docs.particular.net/nservicebus/messaging/send-a-message#inside-the-incoming-message-processing-pipeline
        // await context.Send(...);

        // Publishing events https://docs.particular.net/nservicebus/messaging/publish-subscribe/publish-handle-event
        // await context.Publish(...);
    }
}

---------------------------------------------------------------
Handler.csproj
---------------------------------------------------------------
<Project Sdk="Microsoft.NET.Sdk">

  <PropertyGroup>
    <OutputType>Exe</OutputType>
    <TargetFramework>net8.0</TargetFramework>
    <ImplicitUsings>enable</ImplicitUsings>
    <Nullable>enable</Nullable>
  </PropertyGroup>

  <!--
  Wildcard versions used to ensure templated projects receive newest versions.
  Consider changing wildcard version references to explicit versions.
  -->
  <ItemGroup>
    <PackageReference Include="NServiceBus" Version="(VERSION)" />
    <PackageReference Include="NServiceBus.Extensions.Hosting" Version="(VERSION)" />
  </ItemGroup>

  <ItemGroup>
    <Content Include="appsettings*.json" CopyToOutputDirectory="PreserveNewest" />
    <None Remove="appsettings*.json" />
    <ProjectCapability Include="DynamicFileNestingEnabled" />
  </ItemGroup>

</Project>
---------------------------------------------------------------
Messages.cs
---------------------------------------------------------------

using NServiceBus;

public class TestMessage : ICommand { }
---------------------------------------------------------------
Program.cs
---------------------------------------------------------------
Contents ignored by test
---------------------------------------------------------------
launchSettings.json
---------------------------------------------------------------
{
  "$schema": "http://json.schemastore.org/launchsettings.json",
  "profiles": {
    "Handler": {
      "commandName": "Project",
      "dotnetRunMessages": true,
      "environmentVariables": {
        "DOTNET_ENVIRONMENT": "Development"
      }
    }
  }
}

---------------------------------------------------------------
appsettings.Development.json
---------------------------------------------------------------
{
  "Logging": {
    "LogLevel": {
      "Default": "Information",
      "Microsoft.Hosting.Lifetime": "Information"
    }
  }
}

---------------------------------------------------------------
appsettings.json
---------------------------------------------------------------
{
  "Logging": {
    "LogLevel": {
      "Default": "Information",
      "Microsoft.Hosting.Lifetime": "Information"
    }
  }
}

