NServiceBusWindowsServiceDiffFramework.csproj =>
<Project Sdk="Microsoft.NET.Sdk">

  <PropertyGroup>
    <OutputType>Exe</OutputType>
    <TargetFramework>net472</TargetFramework>
  </PropertyGroup>

  <ItemGroup>
    <PackageReference Include="Microsoft.Extensions.Hosting.WindowsServices" Version="3.1.7" />
    <PackageReference Include="NServiceBus" Version="8.0.0-alpha.541" />
    <PackageReference Include="NServiceBus.Extensions.Hosting" Version="2.0.0-alpha.91" />
    <PackageReference Include="NServiceBus.Newtonsoft.Json" Version="2.2.0" />
  </ItemGroup>

</Project>


Program.cs =>
using System;
using System.Diagnostics;
using System.Threading.Tasks;
using Microsoft.Extensions.Hosting;
using NServiceBus;
using Microsoft.Extensions.Logging;

namespace NServiceBusWindowsServiceDiffFramework
{
    static class Program
    {
        public static void Main(string[] args)
        {
            CreateHostBuilder(args).Build().Run();
        }

        static IHostBuilder CreateHostBuilder(string[] args)
        {
            return Host.CreateDefaultBuilder(args)
                .UseWindowsService()
                .ConfigureLogging(logging =>
                {
                    logging.AddEventLog();
                })
                .UseNServiceBus(ctx =>
                {
                    // TODO: consider moving common endpoint configuration into a shared project
                    // for use by all endpoints in the system

                    // TODO: give the endpoint an appropriate name
                    var endpointConfiguration = new EndpointConfiguration("NServiceBusWindowsServiceDiffFramework");

                    // TODO: ensure the most appropriate serializer is chosen
                    // https://docs.particular.net/nservicebus/serialization/
                    endpointConfiguration.UseSerialization<NewtonsoftSerializer>();

                    endpointConfiguration.DefineCriticalErrorAction(OnCriticalError);

                    // TODO: remove this condition after choosing a transport, persistence and deployment method suitable for production
                    if (Environment.UserInteractive && Debugger.IsAttached)
                    {
                        // TODO: choose a durable transport for production
                        // https://docs.particular.net/transports/
                        var transportExtensions = endpointConfiguration.UseTransport<LearningTransport>();

                        // TODO: choose a durable persistence for production
                        // https://docs.particular.net/persistence/
                        endpointConfiguration.UsePersistence<LearningPersistence>();

                        // TODO: create a script for deployment to production
                        endpointConfiguration.EnableInstallers();
                    }

                    return endpointConfiguration;
                });
        }

        static async Task OnCriticalError(ICriticalErrorContext context)
        {
            // TODO: decide if stopping the endpoint and exiting the process is the best response to a critical error
            // https://docs.particular.net/nservicebus/hosting/critical-errors
            // and consider setting up service recovery
            // https://docs.particular.net/nservicebus/hosting/windows-service#installation-restart-recovery
            try
            {
                await context.Stop();
            }
            finally
            {
                FailFast($"Critical error, shutting down: {context.Error}", context.Exception);
            }
        }

        static void FailFast(string message, Exception exception)
        {
            try
            {
                // TODO: decide what kind of last resort logging is necessary
                // TODO: when using an external logging framework it is important to flush any pending entries prior to calling FailFast
                // https://docs.particular.net/nservicebus/hosting/critical-errors#when-to-override-the-default-critical-error-action
            }
            finally
            {
                Environment.FailFast(message, exception);
            }
        }
    }
}


