---------------------------------------------------------------
HandlerDefault.cs
---------------------------------------------------------------
using Microsoft.Extensions.Logging;

namespace HandlerDefault
{
    public class HandlerDefault : IHandleMessages<TestMessage>
    {
        private readonly ILogger log;

        public HandlerDefault(ILogger<HandlerDefault> log)
        {
            this.log = log;
        }

        public async Task Handle(TestMessage message, IMessageHandlerContext context)
        {
            // Business logic here

            // Sending commands: https://docs.particular.net/nservicebus/messaging/send-a-message#inside-the-incoming-message-processing-pipeline
            // await context.Send(...);

            // Publishing events https://docs.particular.net/nservicebus/messaging/publish-subscribe/publish-handle-event
            // await context.Publish(...);
        }
    }
}

---------------------------------------------------------------
HandlerDefault.csproj
---------------------------------------------------------------
<Project Sdk="Microsoft.NET.Sdk">

  <PropertyGroup>
    <OutputType>Exe</OutputType>
    <TargetFramework>net7.0</TargetFramework>
    <ImplicitUsings>enable</ImplicitUsings>
    <Nullable>enable</Nullable>
  </PropertyGroup>

  <ItemGroup>
    <PackageReference Include="NServiceBus" Version="(VERSION)" />
    <PackageReference Include="NServiceBus.Extensions.Hosting" Version="(VERSION)" />
  </ItemGroup>

</Project>
---------------------------------------------------------------
Messages.cs
---------------------------------------------------------------

using NServiceBus;

public class TestMessage : ICommand { }
---------------------------------------------------------------
Program.cs
---------------------------------------------------------------
Contents ignored by test
